node.exe : Failed to 
compile.
At line:1 char:1
+ & "C:\Program 
Files\nodejs/node.exe" 
"C:\Program 
Files\nodejs/node_mo ...
+ ~~~~~~~~~~~~~~~~~~~~~~~~
~~~~~~~~~~~~~~~~~~~~~~~~~~
~~~~~~~~~~~~~~~~~~~
    + CategoryInfo        
      : NotSpecified: (F  
  ailed to compile.:Str   
 ing) [], RemoteExcept    
ion
    + FullyQualifiedError 
   Id : NativeCommandErr  
  or
 

./app/admin/products/page.
tsx
Module not found: Can't 
resolve 
'@/components/ui/switch'

https://nextjs.org/docs/me
ssages/module-not-found


> Build failed because of 
webpack errors
