  Ôû▓ Next.js 14.2.35
  - Environments: .env

   Creating an optimized production build ...
 Ô£ô Compiled successfully
   Linting and checking validity of types ...
node.exe : Failed to 
compile.
At line:1 char:1
+ & "C:\Program 
Files\nodejs/node.exe" 
"C:\Program 
Files\nodejs/node_mo ...
+ ~~~~~~~~~~~~~~~~~~~~~~~~
~~~~~~~~~~~~~~~~~~~~~~~~~~
~~~~~~~~~~~~~~~~~~~
    + CategoryInfo        
      : NotSpecified: (F  
  ailed to compile.:Str   
 ing) [], RemoteExcept    
ion
    + FullyQualifiedError 
   Id : NativeCommandErr  
  or
 

./app/admin/products/page.
tsx:224:19
Type error: Type '{ 
checked: boolean; 
onCheckedChange: (val: 
any) => void; }' is not 
assignable to type 
'IntrinsicAttributes & 
RefAttributes<never>'.
  Property 'checked' does 
not exist on type 
'IntrinsicAttributes & 
RefAttributes<never>'.

[0m [90m 222 |[39m     
            [33m<[39m[3
3m/[39m[33mdiv[39m[33m
>[39m[0m
[0m [90m 223 |[39m     
            [33m<[39m[3
3mSwitch[39m [0m
[0m[31m[1m>[22m[39m[
90m 224 |[39m            
       checked[33m=[39m{
isNewDrop}[0m
[0m [90m     |[39m     
              
[31m[1m^[22m[39m[0m
[0m [90m 225 |[39m     
              onCheckedCha
nge[33m=[39m{(val) 
[33m=>[39m 
setIsNewDrop(val)}[0m
[0m [90m 226 |[39m     
            
[33m/[39m[33m>[39m[0m
[0m [90m 227 |[39m     
            [33m<[39m[3
3minput[39m type[33m=[3
9m[32m"hidden"[39m name
[33m=[39m[32m"is_new"[3
9m value[33m=[39m{isNewD
rop [33m?[39m 
[32m'true'[39m 
[33m:[39m 
[32m'false'[39m} 
[33m/[39m[33m>[39m[0m
Next.js build worker 
exited with code: 1 and 
signal: null
